../Core/Src/stm32l4xx_hal_msp.c:64:6:HAL_MspInit	16	static
../Core/Src/stm32l4xx_hal_msp.c:87:6:HAL_I2C_MspInit	208	static
../Core/Src/stm32l4xx_hal_msp.c:143:6:HAL_I2C_MspDeInit	16	static
../Core/Src/stm32l4xx_hal_msp.c:174:6:HAL_SD_MspInit	208	static
../Core/Src/stm32l4xx_hal_msp.c:235:6:HAL_SD_MspDeInit	16	static
../Core/Src/stm32l4xx_hal_msp.c:271:6:HAL_SPI_MspInit	48	static
../Core/Src/stm32l4xx_hal_msp.c:318:6:HAL_SPI_MspDeInit	16	static
../Core/Src/stm32l4xx_hal_msp.c:351:6:HAL_UART_MspInit	216	static
../Core/Src/stm32l4xx_hal_msp.c:441:6:HAL_UART_MspDeInit	16	static
../Core/Src/stm32l4xx_hal_msp.c:491:6:HAL_PCD_MspInit	208	static
../Core/Src/stm32l4xx_hal_msp.c:557:6:HAL_PCD_MspDeInit	24	static
../Core/Src/stm32l4xx_hal_msp.c:595:13:HAL_FMC_MspInit	32	static
../Core/Src/stm32l4xx_hal_msp.c:704:6:HAL_SRAM_MspInit	16	static
../Core/Src/stm32l4xx_hal_msp.c:716:13:HAL_FMC_MspDeInit	8	static
../Core/Src/stm32l4xx_hal_msp.c:798:6:HAL_SRAM_MspDeInit	16	static
../Core/Src/stm32l4xx_hal_msp.c:810:6:HAL_SAI_MspInit	200	static
../Core/Src/stm32l4xx_hal_msp.c:866:6:HAL_SAI_MspDeInit	16	static
