../X-CUBE-AI/App/app_x-cube-ai.c:114:13:ai_log_err	16	static
../X-CUBE-AI/App/app_x-cube-ai.c:127:12:ai_boostrap	32	static
../X-CUBE-AI/App/app_x-cube-ai.c:170:12:ai_run	16	static
../X-CUBE-AI/App/app_x-cube-ai.c:186:6:synchronize_UART	16	static
../X-CUBE-AI/App/app_x-cube-ai.c:218:5:acquire_and_process_data	64	static
../X-CUBE-AI/App/app_x-cube-ai.c:302:5:post_process	64	static
../X-CUBE-AI/App/app_x-cube-ai.c:385:6:MX_X_CUBE_AI_Init	8	static
../X-CUBE-AI/App/app_x-cube-ai.c:394:6:MX_X_CUBE_AI_Process	24	static
